// Jest Snapshot v1, https://goo.gl/fbAQLP

exports[`Statistic Container should generate snapshot 1`] = `
<div>
  <div
    class="MuiBox-root css-m4l5cg"
  >
    <div
      class="MuiGrid-root MuiGrid-container css-13puk6r-MuiGrid-root"
    >
      <div
        class="MuiGrid-root MuiGrid-item MuiGrid-grid-xs-11 MuiGrid-grid-sm-12 MuiGrid-grid-md-12 MuiGrid-grid-lg-12 css-25posd-MuiGrid-root"
      >
        <div
          class="MuiPaper-root MuiPaper-elevation MuiPaper-rounded MuiPaper-elevation1 MuiCard-root css-bhp9pd-MuiPaper-root-MuiCard-root"
        >
          <div
            class="MuiCardContent-root css-46bh2p-MuiCardContent-root"
          >
            <h1
              class="MuiTypography-root MuiTypography-h5 MuiTypography-gutterBottom css-1y15g74-MuiTypography-root"
            >
              Por tipo de investimento
            </h1>
            <div
              class="MuiGrid-root MuiGrid-container css-1mx4t5n-MuiGrid-root"
            >
              <button
                class="MuiButton-root MuiButton-text MuiButton-textPrimary MuiButton-sizeMedium MuiButton-textSizeMedium MuiButtonBase-root  css-1e6y48t-MuiButtonBase-root-MuiButton-root"
                data-testid="view-table"
                tabindex="0"
                type="button"
              >
                <svg
                  aria-hidden="true"
                  class="MuiSvgIcon-root MuiSvgIcon-fontSizeMedium css-i4bv87-MuiSvgIcon-root"
                  data-testid="ListIcon"
                  focusable="false"
                  viewBox="0 0 24 24"
                >
                  <path
                    d="M3 13h2v-2H3v2zm0 4h2v-2H3v2zm0-8h2V7H3v2zm4 4h14v-2H7v2zm0 4h14v-2H7v2zM7 7v2h14V7H7z"
                  />
                </svg>
                <span
                  class="MuiTouchRipple-root css-8je8zh-MuiTouchRipple-root"
                />
              </button>
              <button
                class="MuiButton-root MuiButton-contained MuiButton-containedPrimary MuiButton-sizeMedium MuiButton-containedSizeMedium MuiButtonBase-root  css-sghohy-MuiButtonBase-root-MuiButton-root"
                data-testid="view-card"
                tabindex="0"
                type="button"
              >
                <svg
                  aria-hidden="true"
                  class="MuiSvgIcon-root MuiSvgIcon-fontSizeMedium css-i4bv87-MuiSvgIcon-root"
                  data-testid="ViewModuleIcon"
                  focusable="false"
                  viewBox="0 0 24 24"
                >
                  <path
                    d="M4 11h5V5H4v6zm0 7h5v-6H4v6zm6 0h5v-6h-5v6zm6 0h5v-6h-5v6zm-6-7h5V5h-5v6zm6-6v6h5V5h-5z"
                  />
                </svg>
                <span
                  class="MuiTouchRipple-root css-8je8zh-MuiTouchRipple-root"
                />
              </button>
            </div>
          </div>
        </div>
      </div>
    </div>
    <div
      class="MuiGrid-root MuiGrid-container css-13puk6r-MuiGrid-root"
    >
      <div
        class="MuiGrid-root MuiGrid-item MuiGrid-grid-xs-11 MuiGrid-grid-sm-12 MuiGrid-grid-md-12 MuiGrid-grid-lg-12 css-25posd-MuiGrid-root"
      >
        <div
          class="MuiPaper-root MuiPaper-elevation MuiPaper-rounded MuiPaper-elevation1 MuiCard-root css-bhp9pd-MuiPaper-root-MuiCard-root"
        >
          <div
            class="MuiCardContent-root css-46bh2p-MuiCardContent-root"
          >
            <h1
              class="MuiTypography-root MuiTypography-h5 MuiTypography-gutterBottom css-1y15g74-MuiTypography-root"
            >
              Por ano de resgate
            </h1>
            <div
              class="MuiGrid-root MuiGrid-container css-1mx4t5n-MuiGrid-root"
            >
              <button
                class="MuiButton-root MuiButton-text MuiButton-textPrimary MuiButton-sizeMedium MuiButton-textSizeMedium MuiButtonBase-root  css-1e6y48t-MuiButtonBase-root-MuiButton-root"
                data-testid="view-table"
                tabindex="0"
                type="button"
              >
                <svg
                  aria-hidden="true"
                  class="MuiSvgIcon-root MuiSvgIcon-fontSizeMedium css-i4bv87-MuiSvgIcon-root"
                  data-testid="ListIcon"
                  focusable="false"
                  viewBox="0 0 24 24"
                >
                  <path
                    d="M3 13h2v-2H3v2zm0 4h2v-2H3v2zm0-8h2V7H3v2zm4 4h14v-2H7v2zm0 4h14v-2H7v2zM7 7v2h14V7H7z"
                  />
                </svg>
                <span
                  class="MuiTouchRipple-root css-8je8zh-MuiTouchRipple-root"
                />
              </button>
              <button
                class="MuiButton-root MuiButton-contained MuiButton-containedPrimary MuiButton-sizeMedium MuiButton-containedSizeMedium MuiButtonBase-root  css-sghohy-MuiButtonBase-root-MuiButton-root"
                data-testid="view-card"
                tabindex="0"
                type="button"
              >
                <svg
                  aria-hidden="true"
                  class="MuiSvgIcon-root MuiSvgIcon-fontSizeMedium css-i4bv87-MuiSvgIcon-root"
                  data-testid="ViewModuleIcon"
                  focusable="false"
                  viewBox="0 0 24 24"
                >
                  <path
                    d="M4 11h5V5H4v6zm0 7h5v-6H4v6zm6 0h5v-6h-5v6zm6 0h5v-6h-5v6zm-6-7h5V5h-5v6zm6-6v6h5V5h-5z"
                  />
                </svg>
                <span
                  class="MuiTouchRipple-root css-8je8zh-MuiTouchRipple-root"
                />
              </button>
            </div>
          </div>
        </div>
      </div>
    </div>
    <div
      class="MuiGrid-root MuiGrid-container css-13puk6r-MuiGrid-root"
    >
      <div
        class="MuiGrid-root MuiGrid-item MuiGrid-grid-xs-11 MuiGrid-grid-sm-12 MuiGrid-grid-md-12 MuiGrid-grid-lg-12 css-25posd-MuiGrid-root"
      >
        <div
          class="MuiPaper-root MuiPaper-elevation MuiPaper-rounded MuiPaper-elevation1 MuiCard-root css-bhp9pd-MuiPaper-root-MuiCard-root"
        >
          <div
            class="MuiCardContent-root css-46bh2p-MuiCardContent-root"
          >
            <h1
              class="MuiTypography-root MuiTypography-h5 MuiTypography-gutterBottom css-1y15g74-MuiTypography-root"
            >
              Por plataforma
            </h1>
            <div
              class="MuiGrid-root MuiGrid-container css-1mx4t5n-MuiGrid-root"
            >
              <button
                class="MuiButton-root MuiButton-text MuiButton-textPrimary MuiButton-sizeMedium MuiButton-textSizeMedium MuiButtonBase-root  css-1e6y48t-MuiButtonBase-root-MuiButton-root"
                data-testid="view-table"
                tabindex="0"
                type="button"
              >
                <svg
                  aria-hidden="true"
                  class="MuiSvgIcon-root MuiSvgIcon-fontSizeMedium css-i4bv87-MuiSvgIcon-root"
                  data-testid="ListIcon"
                  focusable="false"
                  viewBox="0 0 24 24"
                >
                  <path
                    d="M3 13h2v-2H3v2zm0 4h2v-2H3v2zm0-8h2V7H3v2zm4 4h14v-2H7v2zm0 4h14v-2H7v2zM7 7v2h14V7H7z"
                  />
                </svg>
                <span
                  class="MuiTouchRipple-root css-8je8zh-MuiTouchRipple-root"
                />
              </button>
              <button
                class="MuiButton-root MuiButton-contained MuiButton-containedPrimary MuiButton-sizeMedium MuiButton-containedSizeMedium MuiButtonBase-root  css-sghohy-MuiButtonBase-root-MuiButton-root"
                data-testid="view-card"
                tabindex="0"
                type="button"
              >
                <svg
                  aria-hidden="true"
                  class="MuiSvgIcon-root MuiSvgIcon-fontSizeMedium css-i4bv87-MuiSvgIcon-root"
                  data-testid="ViewModuleIcon"
                  focusable="false"
                  viewBox="0 0 24 24"
                >
                  <path
                    d="M4 11h5V5H4v6zm0 7h5v-6H4v6zm6 0h5v-6h-5v6zm6 0h5v-6h-5v6zm-6-7h5V5h-5v6zm6-6v6h5V5h-5z"
                  />
                </svg>
                <span
                  class="MuiTouchRipple-root css-8je8zh-MuiTouchRipple-root"
                />
              </button>
            </div>
          </div>
        </div>
      </div>
    </div>
    <div
      class="MuiGrid-root MuiGrid-container css-13puk6r-MuiGrid-root"
    >
      <div
        class="MuiGrid-root MuiGrid-item MuiGrid-grid-xs-11 MuiGrid-grid-sm-12 MuiGrid-grid-md-12 MuiGrid-grid-lg-12 css-25posd-MuiGrid-root"
      >
        <div
          class="MuiPaper-root MuiPaper-elevation MuiPaper-rounded MuiPaper-elevation1 MuiCard-root css-bhp9pd-MuiPaper-root-MuiCard-root"
        >
          <div
            class="MuiCardContent-root css-46bh2p-MuiCardContent-root"
          >
            <h1
              class="MuiTypography-root MuiTypography-h5 MuiTypography-gutterBottom css-1y15g74-MuiTypography-root"
            >
              Por categoria
            </h1>
            <div
              class="MuiGrid-root MuiGrid-container css-1mx4t5n-MuiGrid-root"
            >
              <button
                class="MuiButton-root MuiButton-text MuiButton-textPrimary MuiButton-sizeMedium MuiButton-textSizeMedium MuiButtonBase-root  css-1e6y48t-MuiButtonBase-root-MuiButton-root"
                data-testid="view-table"
                tabindex="0"
                type="button"
              >
                <svg
                  aria-hidden="true"
                  class="MuiSvgIcon-root MuiSvgIcon-fontSizeMedium css-i4bv87-MuiSvgIcon-root"
                  data-testid="ListIcon"
                  focusable="false"
                  viewBox="0 0 24 24"
                >
                  <path
                    d="M3 13h2v-2H3v2zm0 4h2v-2H3v2zm0-8h2V7H3v2zm4 4h14v-2H7v2zm0 4h14v-2H7v2zM7 7v2h14V7H7z"
                  />
                </svg>
                <span
                  class="MuiTouchRipple-root css-8je8zh-MuiTouchRipple-root"
                />
              </button>
              <button
                class="MuiButton-root MuiButton-contained MuiButton-containedPrimary MuiButton-sizeMedium MuiButton-containedSizeMedium MuiButtonBase-root  css-sghohy-MuiButtonBase-root-MuiButton-root"
                data-testid="view-card"
                tabindex="0"
                type="button"
              >
                <svg
                  aria-hidden="true"
                  class="MuiSvgIcon-root MuiSvgIcon-fontSizeMedium css-i4bv87-MuiSvgIcon-root"
                  data-testid="ViewModuleIcon"
                  focusable="false"
                  viewBox="0 0 24 24"
                >
                  <path
                    d="M4 11h5V5H4v6zm0 7h5v-6H4v6zm6 0h5v-6h-5v6zm6 0h5v-6h-5v6zm-6-7h5V5h-5v6zm6-6v6h5V5h-5z"
                  />
                </svg>
                <span
                  class="MuiTouchRipple-root css-8je8zh-MuiTouchRipple-root"
                />
              </button>
            </div>
          </div>
        </div>
      </div>
    </div>
    <div
      class="MuiGrid-root MuiGrid-container css-13puk6r-MuiGrid-root"
    >
      <div
        class="MuiGrid-root MuiGrid-item MuiGrid-grid-xs-11 MuiGrid-grid-sm-12 MuiGrid-grid-md-12 MuiGrid-grid-lg-12 css-25posd-MuiGrid-root"
      >
        <div
          class="MuiPaper-root MuiPaper-elevation MuiPaper-rounded MuiPaper-elevation1 MuiCard-root css-bhp9pd-MuiPaper-root-MuiCard-root"
        >
          <div
            class="MuiCardContent-root css-46bh2p-MuiCardContent-root"
          >
            <h1
              class="MuiTypography-root MuiTypography-h5 MuiTypography-gutterBottom css-1y15g74-MuiTypography-root"
            >
              Por indexador
            </h1>
            <div
              class="MuiGrid-root MuiGrid-container css-1mx4t5n-MuiGrid-root"
            >
              <button
                class="MuiButton-root MuiButton-text MuiButton-textPrimary MuiButton-sizeMedium MuiButton-textSizeMedium MuiButtonBase-root  css-1e6y48t-MuiButtonBase-root-MuiButton-root"
                data-testid="view-table"
                tabindex="0"
                type="button"
              >
                <svg
                  aria-hidden="true"
                  class="MuiSvgIcon-root MuiSvgIcon-fontSizeMedium css-i4bv87-MuiSvgIcon-root"
                  data-testid="ListIcon"
                  focusable="false"
                  viewBox="0 0 24 24"
                >
                  <path
                    d="M3 13h2v-2H3v2zm0 4h2v-2H3v2zm0-8h2V7H3v2zm4 4h14v-2H7v2zm0 4h14v-2H7v2zM7 7v2h14V7H7z"
                  />
                </svg>
                <span
                  class="MuiTouchRipple-root css-8je8zh-MuiTouchRipple-root"
                />
              </button>
              <button
                class="MuiButton-root MuiButton-contained MuiButton-containedPrimary MuiButton-sizeMedium MuiButton-containedSizeMedium MuiButtonBase-root  css-sghohy-MuiButtonBase-root-MuiButton-root"
                data-testid="view-card"
                tabindex="0"
                type="button"
              >
                <svg
                  aria-hidden="true"
                  class="MuiSvgIcon-root MuiSvgIcon-fontSizeMedium css-i4bv87-MuiSvgIcon-root"
                  data-testid="ViewModuleIcon"
                  focusable="false"
                  viewBox="0 0 24 24"
                >
                  <path
                    d="M4 11h5V5H4v6zm0 7h5v-6H4v6zm6 0h5v-6h-5v6zm6 0h5v-6h-5v6zm-6-7h5V5h-5v6zm6-6v6h5V5h-5z"
                  />
                </svg>
                <span
                  class="MuiTouchRipple-root css-8je8zh-MuiTouchRipple-root"
                />
              </button>
            </div>
          </div>
        </div>
      </div>
    </div>
  </div>
</div>
`;
